{"timestamp": "2025-09-28T19:14:01.427426Z", "tool": "compose_cmd", "args_hash": "9194580435762641709", "duration_ms": 8617, "exit_code": 0, "stdout_size": 1548, "stderr_size": 0, "success": true}
{"timestamp": "2025-09-28T19:14:09.550489Z", "tool": "compose_logs", "args_hash": "7867414917132225478", "duration_ms": 7932, "exit_code": 0, "stdout_size": 256, "stderr_size": 0, "success": true}
{"timestamp": "2025-09-28T19:14:09.911202Z", "tool": "container_exec", "args_hash": "-6920076152836845430", "duration_ms": 360, "exit_code": 0, "stdout_size": 20, "stderr_size": 0, "success": true}
{"timestamp": "2025-09-28T19:14:55.453031Z", "tool": "compose_cmd", "args_hash": "-3505461856648818719", "duration_ms": 5779, "exit_code": 0, "stdout_size": 1584, "stderr_size": 0, "success": true}
{"timestamp": "2025-09-28T19:14:58.535533Z", "tool": "compose_logs", "args_hash": "-2791603859615818842", "duration_ms": 3057, "exit_code": 0, "stdout_size": 163, "stderr_size": 0, "success": true}
{"timestamp": "2025-09-28T19:14:59.267560Z", "tool": "container_exec", "args_hash": "9049093096250620641", "duration_ms": 731, "exit_code": 0, "stdout_size": 11, "stderr_size": 0, "success": true}
{"timestamp": "2025-09-28T19:27:56.551956Z", "tool": "compose_cmd", "args_hash": "3709808466159525468", "duration_ms": 5336, "exit_code": 0, "stdout_size": 1548, "stderr_size": 0, "success": true}
{"timestamp": "2025-09-28T19:28:10.377824Z", "tool": "compose_cmd", "args_hash": "3709808466159525468", "duration_ms": 1744, "exit_code": 0, "stdout_size": 1548, "stderr_size": 0, "success": true}
{"timestamp": "2025-09-28T19:49:30.471515Z", "tool": "compose_cmd", "args_hash": "-5249735778471340363", "duration_ms": 7060, "exit_code": 0, "stdout_size": 1548, "stderr_size": 0, "success": true}
{"timestamp": "2025-09-28T19:51:37.201180Z", "tool": "compose_cmd", "args_hash": "-194340591959003949", "duration_ms": 7116, "exit_code": 0, "stdout_size": 1548, "stderr_size": 0, "success": true}
{"timestamp": "2025-09-28T19:51:44.081585Z", "tool": "compose_logs", "args_hash": "5099452432260979312", "duration_ms": 1499, "exit_code": 0, "stdout_size": 7296, "stderr_size": 0, "success": true}
{"timestamp": "2025-09-28T19:51:49.127169Z", "tool": "container_exec", "args_hash": "-4594949518642921761", "duration_ms": 143, "exit_code": 0, "stdout_size": 24, "stderr_size": 0, "success": true}
{"timestamp": "2025-09-28T19:51:55.319247Z", "tool": "container_exec", "args_hash": "-7709985698975047072", "duration_ms": 140, "exit_code": 0, "stdout_size": 20, "stderr_size": 0, "success": true}
{"timestamp": "2025-09-28T19:52:00.375903Z", "tool": "compose_cmd", "args_hash": "8470866555597692921", "duration_ms": 205, "exit_code": 0, "stdout_size": 15151, "stderr_size": 0, "success": true}
{"timestamp": "2025-09-28T20:25:00.384046Z", "tool": "compose_cmd", "args_hash": "5830509794779128724", "duration_ms": 2928, "exit_code": 1, "stdout_size": 0, "stderr_size": 44, "success": false}
{"timestamp": "2025-09-28T20:25:09.638244Z", "tool": "container_exec", "args_hash": "-2717566854749488206", "duration_ms": 2777, "exit_code": 0, "stdout_size": 3, "stderr_size": 0, "success": true}
{"timestamp": "2025-09-28T20:25:54.902618Z", "tool": "container_exec", "args_hash": "-6323756251913145265", "duration_ms": 241, "exit_code": 0, "stdout_size": 3, "stderr_size": 0, "success": true}
{"timestamp": "2025-09-28T20:26:41.729727Z", "tool": "container_exec", "args_hash": "-3932602505068802029", "duration_ms": 216, "exit_code": 0, "stdout_size": 3, "stderr_size": 0, "success": true}
{"timestamp": "2025-09-28T20:27:27.374221Z", "tool": "container_exec", "args_hash": "1076388955616733552", "duration_ms": 219, "exit_code": 0, "stdout_size": 3, "stderr_size": 0, "success": true}
{"timestamp": "2025-09-28T20:33:37.116023Z", "tool": "container_exec", "args_hash": "-6475329414918980873", "duration_ms": 117, "exit_code": 127, "stdout_size": 0, "stderr_size": 102, "success": false}
{"timestamp": "2025-09-28T20:33:45.184307Z", "tool": "container_exec", "args_hash": "-2308307207952093687", "duration_ms": 104, "exit_code": 0, "stdout_size": 1063, "stderr_size": 61, "success": true}
{"timestamp": "2025-09-28T20:34:00.125620Z", "tool": "container_exec", "args_hash": "-5932124690492916487", "duration_ms": 103, "exit_code": 0, "stdout_size": 52, "stderr_size": 0, "success": true}
{"timestamp": "2025-09-28T20:39:37.200985Z", "tool": "container_exec", "args_hash": "-7040322132051712814", "duration_ms": 276, "exit_code": 0, "stdout_size": 3, "stderr_size": 0, "success": true}
{"timestamp": "2025-09-28T20:45:09.440144Z", "tool": "container_exec", "args_hash": "-3980821106167458995", "duration_ms": 4366, "exit_code": 4, "stdout_size": 0, "stderr_size": 221, "success": false}
{"timestamp": "2025-09-28T20:45:21.396843Z", "tool": "container_exec", "args_hash": "5589191745816911047", "duration_ms": 1972, "exit_code": 4, "stdout_size": 0, "stderr_size": 198, "success": false}
{"timestamp": "2025-09-28T20:45:30.028905Z", "tool": "container_exec", "args_hash": "1628911073877127248", "duration_ms": 1123, "exit_code": 0, "stdout_size": 13, "stderr_size": 0, "success": true}
{"timestamp": "2025-09-28T20:45:36.970166Z", "tool": "container_exec", "args_hash": "1183044209249081014", "duration_ms": 1185, "exit_code": 4, "stdout_size": 0, "stderr_size": 198, "success": false}
{"timestamp": "2025-09-28T20:45:42.776661Z", "tool": "container_exec", "args_hash": "5427338315756844458", "duration_ms": 1183, "exit_code": 4, "stdout_size": 0, "stderr_size": 198, "success": false}
{"timestamp": "2025-09-28T20:45:55.700308Z", "tool": "container_exec", "args_hash": "-7002477483614914478", "duration_ms": 1640, "exit_code": 127, "stdout_size": 176, "stderr_size": 0, "success": false}
{"timestamp": "2025-09-28T20:46:06.640716Z", "tool": "container_exec", "args_hash": "-4909001488144976460", "duration_ms": 1844, "exit_code": 0, "stdout_size": 150, "stderr_size": 149, "success": true}
{"timestamp": "2025-09-28T20:47:32.765998Z", "tool": "container_exec", "args_hash": "7562096277453964888", "duration_ms": 5930, "exit_code": 0, "stdout_size": 121, "stderr_size": 0, "success": true}
{"timestamp": "2025-09-28T20:47:49.404637Z", "tool": "container_exec", "args_hash": "7340665431206108623", "duration_ms": 2136, "exit_code": 1, "stdout_size": 0, "stderr_size": 239, "success": false}
{"timestamp": "2025-09-28T20:48:03.894988Z", "tool": "container_exec", "args_hash": "-6698703640517909124", "duration_ms": 1586, "exit_code": 1, "stdout_size": 0, "stderr_size": 315, "success": false}
{"timestamp": "2025-09-28T20:48:23.128126Z", "tool": "container_exec", "args_hash": "-6698703640517909124", "duration_ms": 1523, "exit_code": 0, "stdout_size": 30, "stderr_size": 311, "success": true}
{"timestamp": "2025-09-28T20:49:06.314766Z", "tool": "container_exec", "args_hash": "7094653092184298230", "duration_ms": 2144, "exit_code": 0, "stdout_size": 353, "stderr_size": 0, "success": true}
{"timestamp": "2025-09-28T20:50:56.466386Z", "tool": "container_exec", "args_hash": "-6698703640517909124", "duration_ms": 3540, "exit_code": 0, "stdout_size": 595, "stderr_size": 0, "success": true}
{"timestamp": "2025-09-28T20:51:04.525492Z", "tool": "container_exec", "args_hash": "3804844827128166747", "duration_ms": 218, "exit_code": 0, "stdout_size": 3, "stderr_size": 0, "success": true}
{"timestamp": "2025-09-28T20:51:37.514162Z", "tool": "container_exec", "args_hash": "1660105713735156331", "duration_ms": 1440, "exit_code": 4, "stdout_size": 0, "stderr_size": 198, "success": false}
{"timestamp": "2025-09-28T21:08:06.375316Z", "tool": "container_exec", "args_hash": "8549383347739442000", "duration_ms": 178, "exit_code": 127, "stdout_size": 0, "stderr_size": 21, "success": false}
{"timestamp": "2025-09-28T21:08:14.021002Z", "tool": "container_exec", "args_hash": "-3030152317903580535", "duration_ms": 93, "exit_code": 0, "stdout_size": 22, "stderr_size": 0, "success": true}
{"timestamp": "2025-09-28T21:08:26.565091Z", "tool": "container_exec", "args_hash": "-6473650622264436567", "duration_ms": 90, "exit_code": 7, "stdout_size": 0, "stderr_size": 91, "success": false}
{"timestamp": "2025-09-28T21:08:35.017098Z", "tool": "container_exec", "args_hash": "5659396368584358684", "duration_ms": 115, "exit_code": 0, "stdout_size": 1000, "stderr_size": 0, "success": true}
{"timestamp": "2025-09-28T21:08:55.634827Z", "tool": "container_exec", "args_hash": "6827130984280332160", "duration_ms": 101, "exit_code": 127, "stdout_size": 0, "stderr_size": 23, "success": false}
{"timestamp": "2025-09-28T21:10:26.847340Z", "tool": "container_exec", "args_hash": "5950887703575117725", "duration_ms": 221, "exit_code": 0, "stdout_size": 3, "stderr_size": 0, "success": true}
{"timestamp": "2025-09-29T14:37:28.190627Z", "tool": "compose_cmd", "args_hash": "-8041996167212148247", "duration_ms": 2803, "exit_code": 0, "stdout_size": 1539, "stderr_size": 0, "success": true}
{"timestamp": "2025-09-29T14:37:45.086777Z", "tool": "compose_logs", "args_hash": "1104733634365547423", "duration_ms": 105, "exit_code": 0, "stdout_size": 20881, "stderr_size": 0, "success": true}
